  Determining projects to restore...
  All projects are up-to-date for restore.
  RestroApp.Core -> C:\Users\acer nitro\Desktop\restro_app\src\RestroApp.Core\bin\Debug\net10.0\RestroApp.Core.dll
  RestroApp.Infrastructure -> C:\Users\acer nitro\Desktop\restro_app\src\RestroApp.Infrastructure\bin\Debug\net10.0\RestroApp.Infrastructure.dll
C:\Program Files\dotnet\sdk\10.0.100\Microsoft.Common.CurrentVersion.targets(5080,5): warning MSB3026: Could not copy "C:\Users\acer nitro\Desktop\restro_app\src\RestroApp.Core\bin\Debug\net10.0\RestroApp.Core.dll" to "bin\Debug\net10.0\RestroApp.Core.dll". Beginning retry 1 in 1000ms. The process cannot access the file 'C:\Users\acer nitro\Desktop\restro_app\src\RestroApp.Api\bin\Debug\net10.0\RestroApp.Core.dll' because it is being used by another process. The file is locked by: "RestroApp.Api (52340)" [C:\Users\acer nitro\Desktop\restro_app\src\RestroApp.Api\RestroApp.Api.csproj]
C:\Program Files\dotnet\sdk\10.0.100\Microsoft.Common.CurrentVersion.targets(5080,5): warning MSB3026: Could not copy "C:\Users\acer nitro\Desktop\restro_app\src\RestroApp.Infrastructure\bin\Debug\net10.0\RestroApp.Infrastructure.dll" to "bin\Debug\net10.0\RestroApp.Infrastructure.dll". Beginning retry 1 in 1000ms. The process cannot access the file 'C:\Users\acer nitro\Desktop\restro_app\src\RestroApp.Api\bin\Debug\net10.0\RestroApp.Infrastructure.dll' because it is being used by another process. The file is locked by: "RestroApp.Api (52340)" [C:\Users\acer nitro\Desktop\restro_app\src\RestroApp.Api\RestroApp.Api.csproj]
C:\Program Files\dotnet\sdk\10.0.100\Microsoft.Common.CurrentVersion.targets(5080,5): warning MSB3026: Could not copy "C:\Users\acer nitro\Desktop\restro_app\src\RestroApp.Infrastructure\bin\Debug\net10.0\RestroApp.Infrastructure.dll" to "bin\Debug\net10.0\RestroApp.Infrastructure.dll". Beginning retry 2 in 1000ms. The process cannot access the file 'C:\Users\acer nitro\Desktop\restro_app\src\RestroApp.Api\bin\Debug\net10.0\RestroApp.Infrastructure.dll' because it is being used by another process. The file is locked by: "RestroApp.Api (52340)" [C:\Users\acer nitro\Desktop\restro_app\src\RestroApp.Api\RestroApp.Api.csproj]
C:\Program Files\dotnet\sdk\10.0.100\Microsoft.Common.CurrentVersion.targets(5080,5): warning MSB3026: Could not copy "C:\Users\acer nitro\Desktop\restro_app\src\RestroApp.Core\bin\Debug\net10.0\RestroApp.Core.dll" to "bin\Debug\net10.0\RestroApp.Core.dll". Beginning retry 2 in 1000ms. The process cannot access the file 'C:\Users\acer nitro\Desktop\restro_app\src\RestroApp.Api\bin\Debug\net10.0\RestroApp.Core.dll' because it is being used by another process. The file is locked by: "RestroApp.Api (52340)" [C:\Users\acer nitro\Desktop\restro_app\src\RestroApp.Api\RestroApp.Api.csproj]
C:\Program Files\dotnet\sdk\10.0.100\Microsoft.Common.CurrentVersion.targets(5080,5): warning MSB3026: Could not copy "C:\Users\acer nitro\Desktop\restro_app\src\RestroApp.Core\bin\Debug\net10.0\RestroApp.Core.dll" to "bin\Debug\net10.0\RestroApp.Core.dll". Beginning retry 3 in 1000ms. The process cannot access the file 'C:\Users\acer nitro\Desktop\restro_app\src\RestroApp.Api\bin\Debug\net10.0\RestroApp.Core.dll' because it is being used by another process. The file is locked by: "RestroApp.Api (52340)" [C:\Users\acer nitro\Desktop\restro_app\src\RestroApp.Api\RestroApp.Api.csproj]
C:\Program Files\dotnet\sdk\10.0.100\Microsoft.Common.CurrentVersion.targets(5080,5): warning MSB3026: Could not copy "C:\Users\acer nitro\Desktop\restro_app\src\RestroApp.Infrastructure\bin\Debug\net10.0\RestroApp.Infrastructure.dll" to "bin\Debug\net10.0\RestroApp.Infrastructure.dll". Beginning retry 3 in 1000ms. The process cannot access the file 'C:\Users\acer nitro\Desktop\restro_app\src\RestroApp.Api\bin\Debug\net10.0\RestroApp.Infrastructure.dll' because it is being used by another process. The file is locked by: "RestroApp.Api (52340)" [C:\Users\acer nitro\Desktop\restro_app\src\RestroApp.Api\RestroApp.Api.csproj]
C:\Program Files\dotnet\sdk\10.0.100\Microsoft.Common.CurrentVersion.targets(5080,5): warning MSB3026: Could not copy "C:\Users\acer nitro\Desktop\restro_app\src\RestroApp.Infrastructure\bin\Debug\net10.0\RestroApp.Infrastructure.dll" to "bin\Debug\net10.0\RestroApp.Infrastructure.dll". Beginning retry 4 in 1000ms. The process cannot access the file 'C:\Users\acer nitro\Desktop\restro_app\src\RestroApp.Api\bin\Debug\net10.0\RestroApp.Infrastructure.dll' because it is being used by another process. The file is locked by: "RestroApp.Api (52340)" [C:\Users\acer nitro\Desktop\restro_app\src\RestroApp.Api\RestroApp.Api.csproj]
C:\Program Files\dotnet\sdk\10.0.100\Microsoft.Common.CurrentVersion.targets(5080,5): warning MSB3026: Could not copy "C:\Users\acer nitro\Desktop\restro_app\src\RestroApp.Core\bin\Debug\net10.0\RestroApp.Core.dll" to "bin\Debug\net10.0\RestroApp.Core.dll". Beginning retry 4 in 1000ms. The process cannot access the file 'C:\Users\acer nitro\Desktop\restro_app\src\RestroApp.Api\bin\Debug\net10.0\RestroApp.Core.dll' because it is being used by another process. The file is locked by: "RestroApp.Api (52340)" [C:\Users\acer nitro\Desktop\restro_app\src\RestroApp.Api\RestroApp.Api.csproj]
C:\Program Files\dotnet\sdk\10.0.100\Microsoft.Common.CurrentVersion.targets(5080,5): warning MSB3026: Could not copy "C:\Users\acer nitro\Desktop\restro_app\src\RestroApp.Core\bin\Debug\net10.0\RestroApp.Core.dll" to "bin\Debug\net10.0\RestroApp.Core.dll". Beginning retry 5 in 1000ms. The process cannot access the file 'C:\Users\acer nitro\Desktop\restro_app\src\RestroApp.Api\bin\Debug\net10.0\RestroApp.Core.dll' because it is being used by another process. The file is locked by: "RestroApp.Api (52340)" [C:\Users\acer nitro\Desktop\restro_app\src\RestroApp.Api\RestroApp.Api.csproj]
C:\Program Files\dotnet\sdk\10.0.100\Microsoft.Common.CurrentVersion.targets(5080,5): warning MSB3026: Could not copy "C:\Users\acer nitro\Desktop\restro_app\src\RestroApp.Infrastructure\bin\Debug\net10.0\RestroApp.Infrastructure.dll" to "bin\Debug\net10.0\RestroApp.Infrastructure.dll". Beginning retry 5 in 1000ms. The process cannot access the file 'C:\Users\acer nitro\Desktop\restro_app\src\RestroApp.Api\bin\Debug\net10.0\RestroApp.Infrastructure.dll' because it is being used by another process. The file is locked by: "RestroApp.Api (52340)" [C:\Users\acer nitro\Desktop\restro_app\src\RestroApp.Api\RestroApp.Api.csproj]
C:\Program Files\dotnet\sdk\10.0.100\Microsoft.Common.CurrentVersion.targets(5080,5): warning MSB3026: Could not copy "C:\Users\acer nitro\Desktop\restro_app\src\RestroApp.Infrastructure\bin\Debug\net10.0\RestroApp.Infrastructure.dll" to "bin\Debug\net10.0\RestroApp.Infrastructure.dll". Beginning retry 6 in 1000ms. The process cannot access the file 'C:\Users\acer nitro\Desktop\restro_app\src\RestroApp.Api\bin\Debug\net10.0\RestroApp.Infrastructure.dll' because it is being used by another process. The file is locked by: "RestroApp.Api (52340)" [C:\Users\acer nitro\Desktop\restro_app\src\RestroApp.Api\RestroApp.Api.csproj]
C:\Program Files\dotnet\sdk\10.0.100\Microsoft.Common.CurrentVersion.targets(5080,5): warning MSB3026: Could not copy "C:\Users\acer nitro\Desktop\restro_app\src\RestroApp.Core\bin\Debug\net10.0\RestroApp.Core.dll" to "bin\Debug\net10.0\RestroApp.Core.dll". Beginning retry 6 in 1000ms. The process cannot access the file 'C:\Users\acer nitro\Desktop\restro_app\src\RestroApp.Api\bin\Debug\net10.0\RestroApp.Core.dll' because it is being used by another process. The file is locked by: "RestroApp.Api (52340)" [C:\Users\acer nitro\Desktop\restro_app\src\RestroApp.Api\RestroApp.Api.csproj]
C:\Program Files\dotnet\sdk\10.0.100\Microsoft.Common.CurrentVersion.targets(5080,5): warning MSB3026: Could not copy "C:\Users\acer nitro\Desktop\restro_app\src\RestroApp.Core\bin\Debug\net10.0\RestroApp.Core.dll" to "bin\Debug\net10.0\RestroApp.Core.dll". Beginning retry 7 in 1000ms. The process cannot access the file 'C:\Users\acer nitro\Desktop\restro_app\src\RestroApp.Api\bin\Debug\net10.0\RestroApp.Core.dll' because it is being used by another process. The file is locked by: "RestroApp.Api (52340)" [C:\Users\acer nitro\Desktop\restro_app\src\RestroApp.Api\RestroApp.Api.csproj]
C:\Program Files\dotnet\sdk\10.0.100\Microsoft.Common.CurrentVersion.targets(5080,5): warning MSB3026: Could not copy "C:\Users\acer nitro\Desktop\restro_app\src\RestroApp.Infrastructure\bin\Debug\net10.0\RestroApp.Infrastructure.dll" to "bin\Debug\net10.0\RestroApp.Infrastructure.dll". Beginning retry 7 in 1000ms. The process cannot access the file 'C:\Users\acer nitro\Desktop\restro_app\src\RestroApp.Api\bin\Debug\net10.0\RestroApp.Infrastructure.dll' because it is being used by another process. The file is locked by: "RestroApp.Api (52340)" [C:\Users\acer nitro\Desktop\restro_app\src\RestroApp.Api\RestroApp.Api.csproj]
C:\Program Files\dotnet\sdk\10.0.100\Microsoft.Common.CurrentVersion.targets(5080,5): warning MSB3026: Could not copy "C:\Users\acer nitro\Desktop\restro_app\src\RestroApp.Infrastructure\bin\Debug\net10.0\RestroApp.Infrastructure.dll" to "bin\Debug\net10.0\RestroApp.Infrastructure.dll". Beginning retry 8 in 1000ms. The process cannot access the file 'C:\Users\acer nitro\Desktop\restro_app\src\RestroApp.Api\bin\Debug\net10.0\RestroApp.Infrastructure.dll' because it is being used by another process. The file is locked by: "RestroApp.Api (52340)" [C:\Users\acer nitro\Desktop\restro_app\src\RestroApp.Api\RestroApp.Api.csproj]
C:\Program Files\dotnet\sdk\10.0.100\Microsoft.Common.CurrentVersion.targets(5080,5): warning MSB3026: Could not copy "C:\Users\acer nitro\Desktop\restro_app\src\RestroApp.Core\bin\Debug\net10.0\RestroApp.Core.dll" to "bin\Debug\net10.0\RestroApp.Core.dll". Beginning retry 8 in 1000ms. The process cannot access the file 'C:\Users\acer nitro\Desktop\restro_app\src\RestroApp.Api\bin\Debug\net10.0\RestroApp.Core.dll' because it is being used by another process. The file is locked by: "RestroApp.Api (52340)" [C:\Users\acer nitro\Desktop\restro_app\src\RestroApp.Api\RestroApp.Api.csproj]
C:\Program Files\dotnet\sdk\10.0.100\Microsoft.Common.CurrentVersion.targets(5080,5): warning MSB3026: Could not copy "C:\Users\acer nitro\Desktop\restro_app\src\RestroApp.Infrastructure\bin\Debug\net10.0\RestroApp.Infrastructure.dll" to "bin\Debug\net10.0\RestroApp.Infrastructure.dll". Beginning retry 9 in 1000ms. The process cannot access the file 'C:\Users\acer nitro\Desktop\restro_app\src\RestroApp.Api\bin\Debug\net10.0\RestroApp.Infrastructure.dll' because it is being used by another process. The file is locked by: "RestroApp.Api (52340)" [C:\Users\acer nitro\Desktop\restro_app\src\RestroApp.Api\RestroApp.Api.csproj]
C:\Program Files\dotnet\sdk\10.0.100\Microsoft.Common.CurrentVersion.targets(5080,5): warning MSB3026: Could not copy "C:\Users\acer nitro\Desktop\restro_app\src\RestroApp.Core\bin\Debug\net10.0\RestroApp.Core.dll" to "bin\Debug\net10.0\RestroApp.Core.dll". Beginning retry 9 in 1000ms. The process cannot access the file 'C:\Users\acer nitro\Desktop\restro_app\src\RestroApp.Api\bin\Debug\net10.0\RestroApp.Core.dll' because it is being used by another process. The file is locked by: "RestroApp.Api (52340)" [C:\Users\acer nitro\Desktop\restro_app\src\RestroApp.Api\RestroApp.Api.csproj]
C:\Program Files\dotnet\sdk\10.0.100\Microsoft.Common.CurrentVersion.targets(5080,5): warning MSB3026: Could not copy "C:\Users\acer nitro\Desktop\restro_app\src\RestroApp.Core\bin\Debug\net10.0\RestroApp.Core.dll" to "bin\Debug\net10.0\RestroApp.Core.dll". Beginning retry 10 in 1000ms. The process cannot access the file 'C:\Users\acer nitro\Desktop\restro_app\src\RestroApp.Api\bin\Debug\net10.0\RestroApp.Core.dll' because it is being used by another process. The file is locked by: "RestroApp.Api (52340)" [C:\Users\acer nitro\Desktop\restro_app\src\RestroApp.Api\RestroApp.Api.csproj]
C:\Program Files\dotnet\sdk\10.0.100\Microsoft.Common.CurrentVersion.targets(5080,5): warning MSB3026: Could not copy "C:\Users\acer nitro\Desktop\restro_app\src\RestroApp.Infrastructure\bin\Debug\net10.0\RestroApp.Infrastructure.dll" to "bin\Debug\net10.0\RestroApp.Infrastructure.dll". Beginning retry 10 in 1000ms. The process cannot access the file 'C:\Users\acer nitro\Desktop\restro_app\src\RestroApp.Api\bin\Debug\net10.0\RestroApp.Infrastructure.dll' because it is being used by another process. The file is locked by: "RestroApp.Api (52340)" [C:\Users\acer nitro\Desktop\restro_app\src\RestroApp.Api\RestroApp.Api.csproj]
C:\Program Files\dotnet\sdk\10.0.100\Microsoft.Common.CurrentVersion.targets(5080,5): error MSB3027: Could not copy "C:\Users\acer nitro\Desktop\restro_app\src\RestroApp.Infrastructure\bin\Debug\net10.0\RestroApp.Infrastructure.dll" to "bin\Debug\net10.0\RestroApp.Infrastructure.dll". Exceeded retry count of 10. Failed. The file is locked by: "RestroApp.Api (52340)" [C:\Users\acer nitro\Desktop\restro_app\src\RestroApp.Api\RestroApp.Api.csproj]
C:\Program Files\dotnet\sdk\10.0.100\Microsoft.Common.CurrentVersion.targets(5080,5): error MSB3021: Unable to copy file "C:\Users\acer nitro\Desktop\restro_app\src\RestroApp.Infrastructure\bin\Debug\net10.0\RestroApp.Infrastructure.dll" to "bin\Debug\net10.0\RestroApp.Infrastructure.dll". The process cannot access the file 'C:\Users\acer nitro\Desktop\restro_app\src\RestroApp.Api\bin\Debug\net10.0\RestroApp.Infrastructure.dll' because it is being used by another process. [C:\Users\acer nitro\Desktop\restro_app\src\RestroApp.Api\RestroApp.Api.csproj]
C:\Program Files\dotnet\sdk\10.0.100\Microsoft.Common.CurrentVersion.targets(5080,5): error MSB3027: Could not copy "C:\Users\acer nitro\Desktop\restro_app\src\RestroApp.Core\bin\Debug\net10.0\RestroApp.Core.dll" to "bin\Debug\net10.0\RestroApp.Core.dll". Exceeded retry count of 10. Failed. The file is locked by: "RestroApp.Api (52340)" [C:\Users\acer nitro\Desktop\restro_app\src\RestroApp.Api\RestroApp.Api.csproj]
C:\Program Files\dotnet\sdk\10.0.100\Microsoft.Common.CurrentVersion.targets(5080,5): error MSB3021: Unable to copy file "C:\Users\acer nitro\Desktop\restro_app\src\RestroApp.Core\bin\Debug\net10.0\RestroApp.Core.dll" to "bin\Debug\net10.0\RestroApp.Core.dll". The process cannot access the file 'C:\Users\acer nitro\Desktop\restro_app\src\RestroApp.Api\bin\Debug\net10.0\RestroApp.Core.dll' because it is being used by another process. [C:\Users\acer nitro\Desktop\restro_app\src\RestroApp.Api\RestroApp.Api.csproj]

Build FAILED.

C:\Program Files\dotnet\sdk\10.0.100\Microsoft.Common.CurrentVersion.targets(5080,5): warning MSB3026: Could not copy "C:\Users\acer nitro\Desktop\restro_app\src\RestroApp.Core\bin\Debug\net10.0\RestroApp.Core.dll" to "bin\Debug\net10.0\RestroApp.Core.dll". Beginning retry 1 in 1000ms. The process cannot access the file 'C:\Users\acer nitro\Desktop\restro_app\src\RestroApp.Api\bin\Debug\net10.0\RestroApp.Core.dll' because it is being used by another process. The file is locked by: "RestroApp.Api (52340)" [C:\Users\acer nitro\Desktop\restro_app\src\RestroApp.Api\RestroApp.Api.csproj]
C:\Program Files\dotnet\sdk\10.0.100\Microsoft.Common.CurrentVersion.targets(5080,5): warning MSB3026: Could not copy "C:\Users\acer nitro\Desktop\restro_app\src\RestroApp.Infrastructure\bin\Debug\net10.0\RestroApp.Infrastructure.dll" to "bin\Debug\net10.0\RestroApp.Infrastructure.dll". Beginning retry 1 in 1000ms. The process cannot access the file 'C:\Users\acer nitro\Desktop\restro_app\src\RestroApp.Api\bin\Debug\net10.0\RestroApp.Infrastructure.dll' because it is being used by another process. The file is locked by: "RestroApp.Api (52340)" [C:\Users\acer nitro\Desktop\restro_app\src\RestroApp.Api\RestroApp.Api.csproj]
C:\Program Files\dotnet\sdk\10.0.100\Microsoft.Common.CurrentVersion.targets(5080,5): warning MSB3026: Could not copy "C:\Users\acer nitro\Desktop\restro_app\src\RestroApp.Infrastructure\bin\Debug\net10.0\RestroApp.Infrastructure.dll" to "bin\Debug\net10.0\RestroApp.Infrastructure.dll". Beginning retry 2 in 1000ms. The process cannot access the file 'C:\Users\acer nitro\Desktop\restro_app\src\RestroApp.Api\bin\Debug\net10.0\RestroApp.Infrastructure.dll' because it is being used by another process. The file is locked by: "RestroApp.Api (52340)" [C:\Users\acer nitro\Desktop\restro_app\src\RestroApp.Api\RestroApp.Api.csproj]
C:\Program Files\dotnet\sdk\10.0.100\Microsoft.Common.CurrentVersion.targets(5080,5): warning MSB3026: Could not copy "C:\Users\acer nitro\Desktop\restro_app\src\RestroApp.Core\bin\Debug\net10.0\RestroApp.Core.dll" to "bin\Debug\net10.0\RestroApp.Core.dll". Beginning retry 2 in 1000ms. The process cannot access the file 'C:\Users\acer nitro\Desktop\restro_app\src\RestroApp.Api\bin\Debug\net10.0\RestroApp.Core.dll' because it is being used by another process. The file is locked by: "RestroApp.Api (52340)" [C:\Users\acer nitro\Desktop\restro_app\src\RestroApp.Api\RestroApp.Api.csproj]
C:\Program Files\dotnet\sdk\10.0.100\Microsoft.Common.CurrentVersion.targets(5080,5): warning MSB3026: Could not copy "C:\Users\acer nitro\Desktop\restro_app\src\RestroApp.Core\bin\Debug\net10.0\RestroApp.Core.dll" to "bin\Debug\net10.0\RestroApp.Core.dll". Beginning retry 3 in 1000ms. The process cannot access the file 'C:\Users\acer nitro\Desktop\restro_app\src\RestroApp.Api\bin\Debug\net10.0\RestroApp.Core.dll' because it is being used by another process. The file is locked by: "RestroApp.Api (52340)" [C:\Users\acer nitro\Desktop\restro_app\src\RestroApp.Api\RestroApp.Api.csproj]
C:\Program Files\dotnet\sdk\10.0.100\Microsoft.Common.CurrentVersion.targets(5080,5): warning MSB3026: Could not copy "C:\Users\acer nitro\Desktop\restro_app\src\RestroApp.Infrastructure\bin\Debug\net10.0\RestroApp.Infrastructure.dll" to "bin\Debug\net10.0\RestroApp.Infrastructure.dll". Beginning retry 3 in 1000ms. The process cannot access the file 'C:\Users\acer nitro\Desktop\restro_app\src\RestroApp.Api\bin\Debug\net10.0\RestroApp.Infrastructure.dll' because it is being used by another process. The file is locked by: "RestroApp.Api (52340)" [C:\Users\acer nitro\Desktop\restro_app\src\RestroApp.Api\RestroApp.Api.csproj]
C:\Program Files\dotnet\sdk\10.0.100\Microsoft.Common.CurrentVersion.targets(5080,5): warning MSB3026: Could not copy "C:\Users\acer nitro\Desktop\restro_app\src\RestroApp.Infrastructure\bin\Debug\net10.0\RestroApp.Infrastructure.dll" to "bin\Debug\net10.0\RestroApp.Infrastructure.dll". Beginning retry 4 in 1000ms. The process cannot access the file 'C:\Users\acer nitro\Desktop\restro_app\src\RestroApp.Api\bin\Debug\net10.0\RestroApp.Infrastructure.dll' because it is being used by another process. The file is locked by: "RestroApp.Api (52340)" [C:\Users\acer nitro\Desktop\restro_app\src\RestroApp.Api\RestroApp.Api.csproj]
C:\Program Files\dotnet\sdk\10.0.100\Microsoft.Common.CurrentVersion.targets(5080,5): warning MSB3026: Could not copy "C:\Users\acer nitro\Desktop\restro_app\src\RestroApp.Core\bin\Debug\net10.0\RestroApp.Core.dll" to "bin\Debug\net10.0\RestroApp.Core.dll". Beginning retry 4 in 1000ms. The process cannot access the file 'C:\Users\acer nitro\Desktop\restro_app\src\RestroApp.Api\bin\Debug\net10.0\RestroApp.Core.dll' because it is being used by another process. The file is locked by: "RestroApp.Api (52340)" [C:\Users\acer nitro\Desktop\restro_app\src\RestroApp.Api\RestroApp.Api.csproj]
C:\Program Files\dotnet\sdk\10.0.100\Microsoft.Common.CurrentVersion.targets(5080,5): warning MSB3026: Could not copy "C:\Users\acer nitro\Desktop\restro_app\src\RestroApp.Core\bin\Debug\net10.0\RestroApp.Core.dll" to "bin\Debug\net10.0\RestroApp.Core.dll". Beginning retry 5 in 1000ms. The process cannot access the file 'C:\Users\acer nitro\Desktop\restro_app\src\RestroApp.Api\bin\Debug\net10.0\RestroApp.Core.dll' because it is being used by another process. The file is locked by: "RestroApp.Api (52340)" [C:\Users\acer nitro\Desktop\restro_app\src\RestroApp.Api\RestroApp.Api.csproj]
C:\Program Files\dotnet\sdk\10.0.100\Microsoft.Common.CurrentVersion.targets(5080,5): warning MSB3026: Could not copy "C:\Users\acer nitro\Desktop\restro_app\src\RestroApp.Infrastructure\bin\Debug\net10.0\RestroApp.Infrastructure.dll" to "bin\Debug\net10.0\RestroApp.Infrastructure.dll". Beginning retry 5 in 1000ms. The process cannot access the file 'C:\Users\acer nitro\Desktop\restro_app\src\RestroApp.Api\bin\Debug\net10.0\RestroApp.Infrastructure.dll' because it is being used by another process. The file is locked by: "RestroApp.Api (52340)" [C:\Users\acer nitro\Desktop\restro_app\src\RestroApp.Api\RestroApp.Api.csproj]
C:\Program Files\dotnet\sdk\10.0.100\Microsoft.Common.CurrentVersion.targets(5080,5): warning MSB3026: Could not copy "C:\Users\acer nitro\Desktop\restro_app\src\RestroApp.Infrastructure\bin\Debug\net10.0\RestroApp.Infrastructure.dll" to "bin\Debug\net10.0\RestroApp.Infrastructure.dll". Beginning retry 6 in 1000ms. The process cannot access the file 'C:\Users\acer nitro\Desktop\restro_app\src\RestroApp.Api\bin\Debug\net10.0\RestroApp.Infrastructure.dll' because it is being used by another process. The file is locked by: "RestroApp.Api (52340)" [C:\Users\acer nitro\Desktop\restro_app\src\RestroApp.Api\RestroApp.Api.csproj]
C:\Program Files\dotnet\sdk\10.0.100\Microsoft.Common.CurrentVersion.targets(5080,5): warning MSB3026: Could not copy "C:\Users\acer nitro\Desktop\restro_app\src\RestroApp.Core\bin\Debug\net10.0\RestroApp.Core.dll" to "bin\Debug\net10.0\RestroApp.Core.dll". Beginning retry 6 in 1000ms. The process cannot access the file 'C:\Users\acer nitro\Desktop\restro_app\src\RestroApp.Api\bin\Debug\net10.0\RestroApp.Core.dll' because it is being used by another process. The file is locked by: "RestroApp.Api (52340)" [C:\Users\acer nitro\Desktop\restro_app\src\RestroApp.Api\RestroApp.Api.csproj]
C:\Program Files\dotnet\sdk\10.0.100\Microsoft.Common.CurrentVersion.targets(5080,5): warning MSB3026: Could not copy "C:\Users\acer nitro\Desktop\restro_app\src\RestroApp.Core\bin\Debug\net10.0\RestroApp.Core.dll" to "bin\Debug\net10.0\RestroApp.Core.dll". Beginning retry 7 in 1000ms. The process cannot access the file 'C:\Users\acer nitro\Desktop\restro_app\src\RestroApp.Api\bin\Debug\net10.0\RestroApp.Core.dll' because it is being used by another process. The file is locked by: "RestroApp.Api (52340)" [C:\Users\acer nitro\Desktop\restro_app\src\RestroApp.Api\RestroApp.Api.csproj]
C:\Program Files\dotnet\sdk\10.0.100\Microsoft.Common.CurrentVersion.targets(5080,5): warning MSB3026: Could not copy "C:\Users\acer nitro\Desktop\restro_app\src\RestroApp.Infrastructure\bin\Debug\net10.0\RestroApp.Infrastructure.dll" to "bin\Debug\net10.0\RestroApp.Infrastructure.dll". Beginning retry 7 in 1000ms. The process cannot access the file 'C:\Users\acer nitro\Desktop\restro_app\src\RestroApp.Api\bin\Debug\net10.0\RestroApp.Infrastructure.dll' because it is being used by another process. The file is locked by: "RestroApp.Api (52340)" [C:\Users\acer nitro\Desktop\restro_app\src\RestroApp.Api\RestroApp.Api.csproj]
C:\Program Files\dotnet\sdk\10.0.100\Microsoft.Common.CurrentVersion.targets(5080,5): warning MSB3026: Could not copy "C:\Users\acer nitro\Desktop\restro_app\src\RestroApp.Infrastructure\bin\Debug\net10.0\RestroApp.Infrastructure.dll" to "bin\Debug\net10.0\RestroApp.Infrastructure.dll". Beginning retry 8 in 1000ms. The process cannot access the file 'C:\Users\acer nitro\Desktop\restro_app\src\RestroApp.Api\bin\Debug\net10.0\RestroApp.Infrastructure.dll' because it is being used by another process. The file is locked by: "RestroApp.Api (52340)" [C:\Users\acer nitro\Desktop\restro_app\src\RestroApp.Api\RestroApp.Api.csproj]
C:\Program Files\dotnet\sdk\10.0.100\Microsoft.Common.CurrentVersion.targets(5080,5): warning MSB3026: Could not copy "C:\Users\acer nitro\Desktop\restro_app\src\RestroApp.Core\bin\Debug\net10.0\RestroApp.Core.dll" to "bin\Debug\net10.0\RestroApp.Core.dll". Beginning retry 8 in 1000ms. The process cannot access the file 'C:\Users\acer nitro\Desktop\restro_app\src\RestroApp.Api\bin\Debug\net10.0\RestroApp.Core.dll' because it is being used by another process. The file is locked by: "RestroApp.Api (52340)" [C:\Users\acer nitro\Desktop\restro_app\src\RestroApp.Api\RestroApp.Api.csproj]
C:\Program Files\dotnet\sdk\10.0.100\Microsoft.Common.CurrentVersion.targets(5080,5): warning MSB3026: Could not copy "C:\Users\acer nitro\Desktop\restro_app\src\RestroApp.Infrastructure\bin\Debug\net10.0\RestroApp.Infrastructure.dll" to "bin\Debug\net10.0\RestroApp.Infrastructure.dll". Beginning retry 9 in 1000ms. The process cannot access the file 'C:\Users\acer nitro\Desktop\restro_app\src\RestroApp.Api\bin\Debug\net10.0\RestroApp.Infrastructure.dll' because it is being used by another process. The file is locked by: "RestroApp.Api (52340)" [C:\Users\acer nitro\Desktop\restro_app\src\RestroApp.Api\RestroApp.Api.csproj]
C:\Program Files\dotnet\sdk\10.0.100\Microsoft.Common.CurrentVersion.targets(5080,5): warning MSB3026: Could not copy "C:\Users\acer nitro\Desktop\restro_app\src\RestroApp.Core\bin\Debug\net10.0\RestroApp.Core.dll" to "bin\Debug\net10.0\RestroApp.Core.dll". Beginning retry 9 in 1000ms. The process cannot access the file 'C:\Users\acer nitro\Desktop\restro_app\src\RestroApp.Api\bin\Debug\net10.0\RestroApp.Core.dll' because it is being used by another process. The file is locked by: "RestroApp.Api (52340)" [C:\Users\acer nitro\Desktop\restro_app\src\RestroApp.Api\RestroApp.Api.csproj]
C:\Program Files\dotnet\sdk\10.0.100\Microsoft.Common.CurrentVersion.targets(5080,5): warning MSB3026: Could not copy "C:\Users\acer nitro\Desktop\restro_app\src\RestroApp.Core\bin\Debug\net10.0\RestroApp.Core.dll" to "bin\Debug\net10.0\RestroApp.Core.dll". Beginning retry 10 in 1000ms. The process cannot access the file 'C:\Users\acer nitro\Desktop\restro_app\src\RestroApp.Api\bin\Debug\net10.0\RestroApp.Core.dll' because it is being used by another process. The file is locked by: "RestroApp.Api (52340)" [C:\Users\acer nitro\Desktop\restro_app\src\RestroApp.Api\RestroApp.Api.csproj]
C:\Program Files\dotnet\sdk\10.0.100\Microsoft.Common.CurrentVersion.targets(5080,5): warning MSB3026: Could not copy "C:\Users\acer nitro\Desktop\restro_app\src\RestroApp.Infrastructure\bin\Debug\net10.0\RestroApp.Infrastructure.dll" to "bin\Debug\net10.0\RestroApp.Infrastructure.dll". Beginning retry 10 in 1000ms. The process cannot access the file 'C:\Users\acer nitro\Desktop\restro_app\src\RestroApp.Api\bin\Debug\net10.0\RestroApp.Infrastructure.dll' because it is being used by another process. The file is locked by: "RestroApp.Api (52340)" [C:\Users\acer nitro\Desktop\restro_app\src\RestroApp.Api\RestroApp.Api.csproj]
C:\Program Files\dotnet\sdk\10.0.100\Microsoft.Common.CurrentVersion.targets(5080,5): error MSB3027: Could not copy "C:\Users\acer nitro\Desktop\restro_app\src\RestroApp.Infrastructure\bin\Debug\net10.0\RestroApp.Infrastructure.dll" to "bin\Debug\net10.0\RestroApp.Infrastructure.dll". Exceeded retry count of 10. Failed. The file is locked by: "RestroApp.Api (52340)" [C:\Users\acer nitro\Desktop\restro_app\src\RestroApp.Api\RestroApp.Api.csproj]
C:\Program Files\dotnet\sdk\10.0.100\Microsoft.Common.CurrentVersion.targets(5080,5): error MSB3021: Unable to copy file "C:\Users\acer nitro\Desktop\restro_app\src\RestroApp.Infrastructure\bin\Debug\net10.0\RestroApp.Infrastructure.dll" to "bin\Debug\net10.0\RestroApp.Infrastructure.dll". The process cannot access the file 'C:\Users\acer nitro\Desktop\restro_app\src\RestroApp.Api\bin\Debug\net10.0\RestroApp.Infrastructure.dll' because it is being used by another process. [C:\Users\acer nitro\Desktop\restro_app\src\RestroApp.Api\RestroApp.Api.csproj]
C:\Program Files\dotnet\sdk\10.0.100\Microsoft.Common.CurrentVersion.targets(5080,5): error MSB3027: Could not copy "C:\Users\acer nitro\Desktop\restro_app\src\RestroApp.Core\bin\Debug\net10.0\RestroApp.Core.dll" to "bin\Debug\net10.0\RestroApp.Core.dll". Exceeded retry count of 10. Failed. The file is locked by: "RestroApp.Api (52340)" [C:\Users\acer nitro\Desktop\restro_app\src\RestroApp.Api\RestroApp.Api.csproj]
C:\Program Files\dotnet\sdk\10.0.100\Microsoft.Common.CurrentVersion.targets(5080,5): error MSB3021: Unable to copy file "C:\Users\acer nitro\Desktop\restro_app\src\RestroApp.Core\bin\Debug\net10.0\RestroApp.Core.dll" to "bin\Debug\net10.0\RestroApp.Core.dll". The process cannot access the file 'C:\Users\acer nitro\Desktop\restro_app\src\RestroApp.Api\bin\Debug\net10.0\RestroApp.Core.dll' because it is being used by another process. [C:\Users\acer nitro\Desktop\restro_app\src\RestroApp.Api\RestroApp.Api.csproj]
    20 Warning(s)
    4 Error(s)

Time Elapsed 00:00:15.20
